
**** Build of configuration Debug for project space_invaders ****

make all 
Building file: ../src/space_invaders.c
Invoking: MicroBlaze gcc compiler
mb-gcc -Wall -O0 -g3 -c -fmessage-length=0 -I../../space_invaders_bsp_0/microblaze_0/include -mlittle-endian -mxl-barrel-shift -mxl-pattern-compare -mcpu=v8.20.b -mno-xl-soft-mul -MMD -MP -MF"src/space_invaders.d" -MT"src/space_invaders.d" -o"src/space_invaders.o" "../src/space_invaders.c"
Finished building: ../src/space_invaders.c
' '
Building target: space_invaders.elf
Invoking: MicroBlaze gcc linker
mb-gcc -Wl,-T -Wl,../src/lscript.ld -L../../space_invaders_bsp_0/microblaze_0/lib -mlittle-endian -mxl-barrel-shift -mxl-pattern-compare -mcpu=v8.20.b -mno-xl-soft-mul -o"space_invaders.elf"  ./src/bitmaps.o ./src/display.o ./src/gameplay.o ./src/globals.o ./src/input.o ./src/interrupts.o ./src/movement.o ./src/platform.o ./src/score.o ./src/space_invaders.o ./src/utils.o   -Wl,--start-group,-lxil,-lgcc,-lc,--end-group
Finished building target: space_invaders.elf
' '
Invoking: MicroBlaze Print Size
mb-size space_invaders.elf  |tee "space_invaders.elf.size"
   text	   data	    bss	    dec	    hex	filename
  89870	   1484	   8362	  99716	  18584	space_invaders.elf
Finished building: space_invaders.elf.size
' '
Invoking: Xilinx ELF Check
elfcheck space_invaders.elf -hw ../../SpaceInvaderTestHW2_hw_platform/system.xml -pe microblaze_0  |tee "space_invaders.elf.elfcheck"
elfcheck
Xilinx EDK 13.4 Build EDK_O.87xd
Copyright (c) 1995-2011 Xilinx, Inc.  All rights reserved.

Command Line: elfcheck -hw ../../SpaceInvaderTestHW2_hw_platform/system.xml -pe
microblaze_0 space_invaders.elf 

ELF file	: space_invaders.elf
elfcheck passed.
Finished building: space_invaders.elf.elfcheck
' '
